// Jest Snapshot v1, https://goo.gl/fbAQLP

exports[`<VideoBox /> loads video 1`] = `
<div
  hidden=""
>
  <WithStyles(Grid)
    container={true}
    spacing={24}
  >
    <WithStyles(Grid)
      item={true}
      xs={6}
    >
      <iframe
        allow="autoplay; encrypted-media"
        allowFullScreen={true}
        frameBorder="0"
        height="300"
        src="https://www.youtube.com/embed/undefined"
        width="100%"
      />
    </WithStyles(Grid)>
    <WithStyles(Grid)
      item={true}
      xs={6}
    />
  </WithStyles(Grid)>
</div>
`;

exports[`<VideoBox /> renders correctly 1`] = `
<VideoBox
  dispatch={[Function]}
  loading={false}
  store={
    Object {
      "clearActions": [Function],
      "dispatch": [Function],
      "getActions": [Function],
      "getState": [Function],
      "replaceReducer": [Function],
      "subscribe": [Function],
    }
  }
  storeSubscription={
    Subscription {
      "listeners": Object {
        "clear": [Function],
        "get": [Function],
        "notify": [Function],
        "subscribe": [Function],
      },
      "onStateChange": [Function],
      "parentSub": undefined,
      "store": Object {
        "clearActions": [Function],
        "dispatch": [Function],
        "getActions": [Function],
        "getState": [Function],
        "replaceReducer": [Function],
        "subscribe": [Function],
      },
      "unsubscribe": [Function],
    }
  }
/>
`;
